// Jest Snapshot v1, https://goo.gl/fbAQLP

exports[`Opens write a review modal when button is clicked 1`] = `
[
  <form>
    <label>
      Sort by: 
      <select
        onChange={[Function]}
        value="Relevant"
      >
        <option
          value="Helpful"
        >
          Helpful
        </option>
        <option
          value="Newest"
        >
          Newest
        </option>
        <option
          value="Relevant"
        >
          Relevant
        </option>
      </select>
    </label>
  </form>,
  <button
    onClick={[Function]}
  >
    Write Review
  </button>,
]
`;

exports[`renders properly 1`] = `
[
  <form>
    <label>
      Sort by: 
      <select
        onChange={[Function]}
        value="Relevant"
      >
        <option
          value="Helpful"
        >
          Helpful
        </option>
        <option
          value="Newest"
        >
          Newest
        </option>
        <option
          value="Relevant"
        >
          Relevant
        </option>
      </select>
    </label>
  </form>,
  <button
    onClick={[Function]}
  >
    Write Review
  </button>,
]
`;
