// Jest Snapshot v1, https://goo.gl/fbAQLP

exports[`renders properly 1`] = `
<div
  className="reviews-section"
>
  <div
    className="left-reviews"
    id="review"
  >
    <button
      className="write-reviews-button"
      onClick={[Function]}
    >
      Write Review
    </button>
    <div
      className="left-reviews-skull-motif"
    >
      <div
        style={
          {
            "position": "absolute",
          }
        }
      >
        <svg
          height="150px"
          preserveAspectRatio="xMidYMid meet"
          style={
            {
              "position": "relative",
              "transform": "scaleX(-1)",
            }
          }
          version="1.0"
          viewBox="0 0 150.000000 150.000000"
          width="150px"
          xmlns="http://www.w3.org/2000/svg"
        >
          <g
            fill="#333533"
            stroke="none"
            transform="translate(0.000000,136.000000) scale(0.100000,-0.100000)"
          >
            <path
              d="M749 1197 c-96 -18 -225 -85 -294 -153 -143 -141 -205 -318 -205 -584 0 -120 20 -282 38 -317 25 -46 102 -53 143 -12 l20 20 10 -30 c13 -37 57 -56 131 -56 49 0 61 4 89 30 23 22 33 26 37 16 2 -7 13 -22 23 -32 51 -51 219 12 219 82 0 16 8 17 94 12 85 -5 98 -4 147 19 73 33 111 68 170 151 60 86 89 173 89 271 0 119 -32 212 -113 334 -123 185 -376 290 -598 249z m-259 -482 c79 -41 87 -175 15 -251 -75 -79 -186 -17 -185 104 1 54 33 118 72 142 40 24 59 25 98 5z m366 -4 c87 -53 82 -226 -8 -281 -47 -28 -81 -25 -123 11 -80 70 -65 212 27 269 41 25 65 25 104 1z m-236 -216 c7 -9 13 -32 14 -53 1 -37 1 -37 -39 -37 -47 0 -53 13 -30 68 16 39 35 47 55 22z"
            />
          </g>
        </svg>
        <div
          style={
            {
              "bottom": "65px",
              "left": "65px",
              "position": "absolute",
            }
          }
        >
          <span
            style={
              {
                "backgroundColor": "#242423",
                "borderRadius": "50%",
                "display": "inline-block",
                "height": "10px",
                "width": "10px",
              }
            }
          />
        </div>
        <div
          style={
            {
              "bottom": "65px",
              "left": "100px",
              "position": "absolute",
            }
          }
        >
          <span
            style={
              {
                "backgroundColor": "#242423",
                "borderRadius": "50%",
                "display": "inline-block",
                "height": "10px",
                "width": "10px",
              }
            }
          />
        </div>
      </div>
    </div>
  </div>
  <div
    className="right-reviews"
  >
    <div
      className="right-reviews-header"
    >
      <input
        className="search"
        onChange={[Function]}
        placeholder="Search..."
        type="text"
      />
      <form
        className="sort"
      >
        <label>
          Sort on: 
          <select
            onChange={[Function]}
            value="relevant"
          >
            <option
              value="relevant"
            >
              Relevant
            </option>
            <option
              value="helpful"
            >
              Helpful
            </option>
            <option
              value="newest"
            >
              Newest
            </option>
          </select>
        </label>
      </form>
    </div>
    <div
      className="right-reviews-cards"
    />
    <button
      className="load-more-reviews-button"
      disabled={false}
      onClick={[Function]}
    >
      <span />
    </button>
  </div>
  <br />
</div>
`;
