// Jest Snapshot v1, https://goo.gl/fbAQLP

exports[`renders properly 1`] = `
<div>
  <p
    className="related-list-title"
  >
    Related Products
  </p>
  <div
    className="related-list"
  >
    <div
      className="related-list-container"
    >
      <button
        className="related-list-container-scroll"
        disabled={true}
        onClick={[Function]}
      >
        <i
          className="related-list-arrow-left"
        />
      </button>
      <div
        className="related-list-card-container"
      />
      <button
        className="related-list-container-scroll"
        disabled={false}
        onClick={[Function]}
      >
        <i
          className="related-list-arrow-right"
        />
      </button>
    </div>
  </div>
</div>
`;
